bag: /Users/egor/Documents/sideprojects/приколы/ХакатонМосТранспорт/dataset/data/30618_27e994fc
out: /Users/egor/Documents/sideprojects/приколы/ХакатонМосТранспорт/solution/results/rt/27e994fc_full   image: tram_backup_odometry:humble   vehicle: 30618   rate: 1.0   dev: 0   measure: 1
node: ros2 launch tram_backup_odometry backup_odometry.launch.py use_sim_time:=false vehicle_id:=30618
play: ros2 bag play /data/bag --disable-keyboard-controls -d 1 -r 1.0 (stopped after 1905 s)
played for 1899148 ms
[3]-  Done                    python3 "$TOOLS/resource_monitor.py" --csv /out/resources.csv --json /out/resources.json > /out/resources.txt 2>&1 < /dev/null
[4]+  Done                    python3 "$TOOLS/latency_probe.py" --json /out/latency.json --csv /out/latency.csv > /out/latency.txt 2>&1 < /dev/null
[2]+  Done                    ros2 bag record -o /out/result_bag /result/velocity /result/position /backup_odometry/diagnostics /backup_odometry/slip > /out/record.log 2>&1 < /dev/null
[1]+  Done                    ros2 launch tram_backup_odometry backup_odometry.launch.py "${LAUNCH_ARGS[@]}" > /out/node.log 2>&1 < /dev/null
node> [backup_odometry_node-1] [0m[INFO] [1790437782.393516006] [backup_odometry]: first pose: map (103632.22, 86048.09, 169.64) yaw -2.177, mode init_provisional:both[0m
node> [backup_odometry_node-1] [0m[INFO] [1790437782.689183506] [backup_odometry]: initial alignment done (31 master / 27 rover fixes); GNSS subscriptions destroyed, running on wheels + controller only[0m
node> [backup_odometry_node-1] [backup_odometry] shutdown: inputs front=17942 rear=17920 cmd=38004 fix master=31 rover=27 | outputs velocity=55952 position=55949 | callback mean 0.460 ms p50 0.376 p95 0.944 p99 1.413 max 14.890 ms | errors 0, stamp fallbacks 0, non-finite outputs dropped 0
[INFO] [1790439682.618789886] [rosbag2_storage]: Opened database '/data/bag/30618_27e994fc_0.db3' for READ_ONLY.
[INFO] [1790439683.474128178] [rosbag2_storage]: Opened database '/out/result_bag/result_bag_0.db3' for READ_ONLY.
check: 73866 input messages in the bag
  /result/velocity   n=55952 stamps==input 55952/55952 (100.00%) | stamp rate 29.45 Hz over 1900.2 s | 0.1s-grid coverage 100.00% | frame_id ['base_link'] | duplicate stamps 4 | stamp decreases 14753
  /result/position   n=55949 stamps==input 55949/55949 (100.00%) | stamp rate 29.44 Hz over 1900.1 s | 0.1s-grid coverage 100.00% | frame_id ['map'] child_frame_id ['base_link'] | duplicate stamps 3 | stamp decreases 14752
  /backup_odometry/diagnostics n=1904
  last diagnostics: level 1 "no input for 1.6 s" mode=nav_trn:both init_done=True cb_p50_ms=nan cb_max_ms_total=14.890
latency_probe: 73866 input messages
  /result/velocity n=55952 matched=55952 unmatched=0 duplicate-stamps=4 | rate wall 29.49 Hz, stamp 29.45 Hz | 0.1s-grid coverage 100.00% | frame_id base_link
      latency ms, all:          p50 0.58 p95 1.22 p99 1.73 max 28.87
      latency ms, after 2 s:   p50 0.58 p95 1.21 p99 1.72 max 14.85 (n=55805)
      vs first input w/ stamp:  p50 0.66 p95 1.27 max 230.71
  /result/position n=55949 matched=55949 unmatched=0 duplicate-stamps=3 | rate wall 29.49 Hz, stamp 29.44 Hz | 0.1s-grid coverage 100.00% | frame_id map
      latency ms, all:          p50 1.16 p95 2.08 p99 2.67 max 28.97
      latency ms, after 2 s:   p50 1.16 p95 2.08 p99 2.65 max 25.16 (n=55805)
      vs first input w/ stamp:  p50 1.24 p95 2.14 max 230.82
resource_monitor: pid 27, 3783 samples over 1904.1 s (host has 10 CPUs)
  CPU cores mean 0.053 p50 0.059 p95 0.080 max 0.295 | busy-only (3772 samples) mean 0.053 p95 0.080
  CPU time 100.00 s | RSS MiB start 61.8 mean 63.6 max 63.7 | threads 11
